> Task :compileJava UP-TO-DATE
> Task :processResources UP-TO-DATE
> Task :classes UP-TO-DATE
> Task :resolveMainClassName UP-TO-DATE

> Task :bootRun

  .   ____          _            __ _ _
 /\\ / ___'_ __ _ _(_)_ __  __ _ \ \ \ \
( ( )\___ | '_ | '_| | '_ \/ _` | \ \ \ \
 \\/  ___)| |_)| | | | | || (_| |  ) ) ) )
  '  |____| .__|_| |_|_| |_\__, | / / / /
 =========|_|==============|___/=/_/_/_/

 :: Spring Boot ::                (v4.1.1)

2026-09-26T08:57:13.601+05:30  INFO 41187 --- [order-service] [           main] c.diluwar.order.OrderServiceApplication  : Starting OrderServiceApplication using Java 21.0.11 with PID 41187 (/Users/diluwar/development/omnichannel-order-platform/services/order-service/build/classes/java/main started by diluwar in /Users/diluwar/development/omnichannel-order-platform/services/order-service)
2026-09-26T08:57:13.602+05:30  INFO 41187 --- [order-service] [           main] c.diluwar.order.OrderServiceApplication  : No active profile set, falling back to 1 default profile: "default"
2026-09-26T08:57:14.026+05:30  INFO 41187 --- [order-service] [           main] .s.d.r.c.RepositoryConfigurationDelegate : Bootstrapping Spring Data JPA repositories in DEFAULT mode.
2026-09-26T08:57:14.048+05:30  INFO 41187 --- [order-service] [           main] .s.d.r.c.RepositoryConfigurationDelegate : Finished Spring Data repository scanning in 17 ms. Found 2 JPA repository interfaces.
2026-09-26T08:57:14.334+05:30  INFO 41187 --- [order-service] [           main] o.s.boot.tomcat.TomcatWebServer          : Tomcat initialized with port 8084 (http)
2026-09-26T08:57:14.345+05:30  INFO 41187 --- [order-service] [           main] o.apache.catalina.core.StandardService   : Starting service [Tomcat]
2026-09-26T08:57:14.345+05:30  INFO 41187 --- [order-service] [           main] o.apache.catalina.core.StandardEngine    : Starting Servlet engine: [Apache Tomcat/11.0.24]
2026-09-26T08:57:14.368+05:30  INFO 41187 --- [order-service] [           main] b.w.c.s.WebApplicationContextInitializer : Root WebApplicationContext: initialization completed in 739 ms
2026-09-26T08:57:14.524+05:30  INFO 41187 --- [order-service] [           main] com.zaxxer.hikari.HikariDataSource       : HikariPool-1 - Starting...
2026-09-26T08:57:14.622+05:30  INFO 41187 --- [order-service] [           main] com.zaxxer.hikari.pool.HikariPool        : HikariPool-1 - Added connection org.postgresql.jdbc.PgConnection@7e31d53b
2026-09-26T08:57:14.622+05:30  INFO 41187 --- [order-service] [           main] com.zaxxer.hikari.HikariDataSource       : HikariPool-1 - Start completed.
2026-09-26T08:57:14.638+05:30  INFO 41187 --- [order-service] [           main] org.flywaydb.core.FlywayExecutor         : Database: jdbc:postgresql://localhost:5433/order_db (PostgreSQL 17.10)
2026-09-26T08:57:14.681+05:30  INFO 41187 --- [order-service] [           main] o.f.core.internal.command.DbValidate     : Successfully validated 3 migrations (execution time 00:00.017s)
2026-09-26T08:57:14.712+05:30  INFO 41187 --- [order-service] [           main] o.f.core.internal.command.DbMigrate      : Current version of schema "order_schema": 2
2026-09-26T08:57:14.714+05:30  INFO 41187 --- [order-service] [           main] o.f.core.internal.command.DbMigrate      : Schema "order_schema" is up to date. No migration necessary.
2026-09-26T08:57:14.761+05:30  INFO 41187 --- [order-service] [           main] org.hibernate.orm.jpa                    : HHH008540: Processing PersistenceUnitInfo [name: default]
2026-09-26T08:57:14.792+05:30  INFO 41187 --- [order-service] [           main] org.hibernate.orm.core                   : HHH000001: Hibernate ORM core version 7.4.5.Final
2026-09-26T08:57:14.992+05:30  INFO 41187 --- [order-service] [           main] o.s.o.j.p.SpringPersistenceUnitInfo      : No LoadTimeWeaver setup: ignoring JPA class transformer
2026-09-26T08:57:15.037+05:30  INFO 41187 --- [order-service] [           main] org.hibernate.orm.connections.pooling    : HHH10001005: Database info:
	Database JDBC URL [jdbc:postgresql://localhost:5433/order_db]
	Database driver: PostgreSQL JDBC Driver
	Database dialect: PostgreSQLDialect
	Database version: 17.10
	Default catalog/schema: order_db/public
	Autocommit mode: undefined/unknown
	Isolation level: READ_COMMITTED [default READ_COMMITTED]
	JDBC fetch size: none
	Pool: DataSourceConnectionProvider
	Minimum pool size: undefined/unknown
	Maximum pool size: undefined/unknown
2026-09-26T08:57:15.498+05:30  INFO 41187 --- [order-service] [           main] org.hibernate.orm.core                   : HHH000489: No JTA platform available (set 'hibernate.transaction.jta.platform' to enable JTA platform integration)
2026-09-26T08:57:15.527+05:30  INFO 41187 --- [order-service] [           main] j.LocalContainerEntityManagerFactoryBean : Initialized JPA EntityManagerFactory for persistence unit 'default'
2026-09-26T08:57:15.657+05:30  INFO 41187 --- [order-service] [           main] o.s.d.j.r.query.QueryEnhancerFactories   : Hibernate is in classpath; If applicable, HQL parser will be used.
2026-09-26T08:57:15.766+05:30  WARN 41187 --- [order-service] [           main] JpaBaseConfiguration$JpaWebConfiguration : spring.jpa.open-in-view is enabled by default. Therefore, database queries may be performed during view rendering. Explicitly configure spring.jpa.open-in-view to disable this warning
2026-09-26T08:57:16.108+05:30  INFO 41187 --- [order-service] [           main] o.s.b.a.e.web.EndpointLinksResolver      : Exposing 2 endpoints beneath base path '/actuator'
2026-09-26T08:57:16.145+05:30  INFO 41187 --- [order-service] [           main] o.s.boot.tomcat.TomcatWebServer          : Tomcat started on port 8084 (http) with context path '/'
2026-09-26T08:57:16.151+05:30  INFO 41187 --- [order-service] [           main] c.diluwar.order.OrderServiceApplication  : Started OrderServiceApplication in 2.762 seconds (process running for 2.94)
2026-09-26T08:57:50.381+05:30  INFO 41187 --- [order-service] [nio-8084-exec-1] o.a.c.c.C.[Tomcat].[localhost].[/]       : Initializing Spring DispatcherServlet 'dispatcherServlet'
2026-09-26T08:57:50.382+05:30  INFO 41187 --- [order-service] [nio-8084-exec-1] o.s.web.servlet.DispatcherServlet        : Initializing Servlet 'dispatcherServlet'
2026-09-26T08:57:50.384+05:30  INFO 41187 --- [order-service] [nio-8084-exec-1] o.s.web.servlet.DispatcherServlet        : Completed initialization in 2 ms
